FROZEN_NATIVE_ASSEMBLY_SHA256=PASS
PRODUCTION_BUILD_PYTHON_GENERATORS=0
FROZEN_RUNTIME_OFFSETS_EQUIVALENCE=PASS
GENERAL_PARALLEL_RELEASE_OFFSETS=DERIVED_WITHOUT_PYTHON
GENERAL_PARALLEL_RELEASE_OFFSETS_NO_PYTHON=PASS
GENERIC_PRODUCT_SUBTRACT_CONTRACTION=BUILT
GENERIC_VECTOR_REDUCTION_RESIDENCY=BUILT
NATIVE_RESOURCE_PROFILE_BASE=BUILT
NATIVE_RESOURCE_PROFILE_WIDE=BUILT
NATIVE_RESOURCE_PROFILE_DERIVED=BUILT
NATIVE_RESOURCE_PROFILE_WORKLOAD_DISPATCH=0
NATIVE_RESOURCE_PROFILE_RUNTIME_SELECTOR=0
MULTI_ISA_TOPOLOGYC=BUILT
PHYSICAL_VECTOR_SHAPES=native256,split512x256,native512
NATIVE256_BASE=BUILT
NATIVE256_WIDE=BUILT
NATIVE256_DERIVED=BUILT
NATIVE256_SCALAR_FALLBACK=0
PHYSICAL_VECTOR_PROFILE_WORKLOAD_DISPATCH=0
PHYSICAL_VECTOR_RUNTIME_PROFITABILITY_SELECTOR=0
GENERAL_PARALLEL_BLIND_RELEASE_ENGINE=BUILT
GENERAL_PARALLEL_FABRIC_AUTHORITY=blind-release-program-slot
GENERAL_PARALLEL_GLOBAL_READY_QUEUE=0
GENERAL_PARALLEL_ROOT_SCHEDULER=0
GENERAL_PARALLEL_RUNTIME_COST_SELECTOR=0
GENERAL_PARALLEL_SERIAL_FALLBACK=0
GENERAL_PARALLEL_RUNTIME_FIXED_HOME_OWNERSHIP=0
GENERAL_PARALLEL_PERSISTENT_IDLE_WORKER_SPIN=0
GENERAL_PARALLEL_POST_COMPLETION_WORK_SEARCH=0
GENERAL_PARALLEL_POST_COMPLETION_PEER_QUERY=0
GENERAL_PARALLEL_RESOURCE_RELEASE_DESTINATION=0
GENERAL_PARALLEL_RESOURCE_HANDOFF=0
GENERAL_PARALLEL_BLIND_RESOURCE_RELEASE=PASS
ACTIVE_SPECIAL_PURPOSE_NATIVE_ROUTE=0
PRODUCTION_BUILD_PYTHON_INVOCATIONS=0
PRODUCTION_NATIVE_LAUNCHERS=BUILT
TENSOR_INVOCATION_STACK_ARENA=BUILT
TENSOR_RECURSIVE_STACK_MMAP=0
TENSOR_RECURSIVE_STACK_MUNMAP=0
CAUSAL_MESH_COARSENING=BUILT
CAUSAL_WIDTH_PRESERVATION_GATE=BUILT
ADAPTIVE_EXECUTION_GRANULARITY=BUILT
WHEELCHAIR_1_2_14_FROZEN_ASSEMBLY_BUILD=PASS
WHEELCHAIR_1_2_14_NATIVE_PROFILE_SELECTOR=BUILT
EXECUTION_REPRESENTATION_COMPRESSION=BUILT
DENSE_RANKN_COORDINATE_INDUCTION=BUILT
DENSE_RANKN_COALESCED_AXIS_CARRY=BUILT
NO_NEGATIVE_STRUCTURAL_COMPRESSION=BUILT
DERIVED_AFFINE_INDUCTION=BUILT
CROSS_AXIS_LICM=BUILT
DENSE_STATIC_INNER_UNROLL=BUILT
DELAYED_ZMM_REDUCTION=BUILT
BOUNDARY_IDENTITY_ELIMINATION=BUILT
PROVEN_ZERO_TAIL_ELIMINATION=BUILT
RANKN_LIFETIME_REGISTER_REUSE=BUILT
DENSE_CARETAKER_OPTIMIZATION_1_2_14=BUILT
WHEELCHAIR_BUILD=PASS
